Testing githubl, added addtiioonal comments 
